<?xml version="1.0" encoding="UTF-8"?>
<testsuites name="jest tests" tests="2" failures="0" errors="0" time="1.094">
  <testsuite name="Produtos" errors="0" failures="0" skipped="0" timestamp="2025-09-02T20:49:54" time="1.033" tests="2">
    <testcase classname="Produtos Deve criar um produto" name="Produtos Deve criar um produto" time="0.047">
    </testcase>
    <testcase classname="Produtos Deve listar produtos" name="Produtos Deve listar produtos" time="0.005">
    </testcase>
  </testsuite>
</testsuites>